---
source: conductor-tui/tests/tui_snapshots.rs
assertion_line: 255
expression: render_to_string(&state)
---
" Conductor  Worktree Detail                                                                                             "
"┌ Worktree Detail ─────────────────────────────────────────────────────────────────────────────────────────────────────┐"
"│Worktree: feat-123-add-login                                                                                          │"
"│Repo: my-app                                                                                                          │"
"│Branch: feat/123-add-login                                                                                            │"
"│Base: (repo default)                                                                                                  │"
"│Path: /home/user/my-app/.worktrees/feat-123-add-login                                                                 │"
"│Status: active                                                                                                        │"
"│Model: (not set) (press Enter to change)                                                                              │"
"│Created: 2024-01-10T00:00:00Z                                                                                         │"
"│Ticket: None (press Enter to link)                                                                                    │"
"│                                                                                                                      │"
"│                                                                                                                      │"
"│Tab=switch panel  y=copy  o=act  p=prompt  O=orchestrate  x=stop  w=workflow  d=del  Esc=back                         │"
"└──────────────────────────────────────────────────────────────────────────────────────────────────────────────────────┘"
"┌ Agent Activity ──────────────────────────────────────────────────────────────────────────────────────────────────────┐"
"│No agent activity                                                                                                     │"
"│                                                                                                                      │"
"│                                                                                                                      │"
"│                                                                                                                      │"
"│                                                                                                                      │"
"│                                                                                                                      │"
"│                                                                                                                      │"
"│                                                                                                                      │"
"│                                                                                                                      │"
"│                                                                                                                      │"
"│                                                                                                                      │"
"│                                                                                                                      │"
"│                                                                                                                      │"
"│                                                                                                                      │"
"│                                                                                                                      │"
"│                                                                                                                      │"
"│                                                                                                                      │"
"│                                                                                                                      │"
"│                                                                                                                      │"
"│                                                                                                                      │"
"│                                                                                                                      │"
"│                                                                                                                      │"
"└──────────────────────────────────────────────────────────────────────────────────────────────────────────────────────┘"
"p:prompt  O:orchestrate  w:workflow  d:delete  Esc:back  ?:help                                                         "
