---
source: conductor-tui/tests/tui_snapshots.rs
assertion_line: 149
expression: render_to_string(&state)
---
"┌ Repos ──────────────────────┐┌ Worktrees (0 active) ───────────────────────┐┌ All Workflow Definitions ──────────────┐"
"│                             ││                                             ││                                        │"
"│                             ││                                             ││                                        │"
"│                             ││                                             ││                                        │"
"│                             ││                                             ││                                        │"
"│                             ││                                             ││                                        │"
"│                             ││                                             ││                                        │"
"│                             ││                                             ││                                        │"
"│                             ││                                             ││                                        │"
"│                             ││                                             ││                                        │"
"│                             ││                                             ││                                        │"
"│                             ││                                             ││                                        │"
"│                             ││                                             ││                                        │"
"│                             ││                                             ││                                        │"
"│                             ││                                             ││                                        │"
"│                             ┌ In Progress ─────────────────────────────────────────────┐─────────────────────────────┘"
"│                             │                                                          │ow Runs (Space=expand/collaps┐"
"│                             │Pushing branch…                                           │                             │"
"│                             │                                                          │                             │"
"│                             │  Please wait…                                            │                             │"
"│                             │                                                          │                             │"
"│                             │                                                          │                             │"
"│                             │                                                          │                             │"
"│                             │                                                          │                             │"
"│                             └──────────────────────────────────────────────────────────┘                             │"
"│                             ││                                             ││                                        │"
"│                             ││                                             ││                                        │"
"│                             ││                                             ││                                        │"
"│                             ││                                             ││                                        │"
"│                             ││                                             ││                                        │"
"│                             ││                                             ││                                        │"
"│                             ││                                             ││                                        │"
"│                             ││                                             ││                                        │"
"│                             ││                                             ││                                        │"
"│                             ││                                             ││                                        │"
"│                             ││                                             ││                                        │"
"│                             ││                                             ││                                        │"
"│                             ││                                             ││                                        │"
"└─────────────────────────────┘└─────────────────────────────────────────────┘└────────────────────────────────────────┘"
"[Dashboard]  Tab:panel  Ctrl+h/l:column  \:workflows  q:quit                                                            "
