---
source: conductor-tui/tests/tui_snapshots.rs
assertion_line: 167
expression: render_to_string(&state)
---
" Conductor  Dashboard                                                                                                   "
"┌ Repos ───────────────────────────────────────┐┌ Worktrees (0 active) ────────────────────────────────────────────────┐"
"│                                              ││                                                                      │"
"│                                              ││                                                                      │"
"│                       ┌ Help ────────────────────────────────────────────────────────────────┐                       │"
"│                       │Keybindings                                                           │                       │"
"│                       │                                                                      │                       │"
"│                       │Global Navigation                                                     │                       │"
"│                       │                                                                      │                       │"
"│                       │  Tab / Shift+Tab     Cycle panel focus                               │                       │"
"│                       │  j / k               Navigate within panel                           │                       │"
"│                       │  G / End             Jump to bottom of list                          │                       │"
"│                       │  gg / Home           Jump to top of list                             │                       │"
"│                       │  Ctrl+d / Ctrl+u     Half-page down / up                             │                       │"
"│                       │  Enter               Drill into selected item                        │                       │"
"│                       │  Esc                 Back to previous view                           │                       │"
"│                       │  1                   Dashboard                                       │                       │"
"│                       │  2                   Tickets view                                    │                       │"
"│                       │  3                   Workflows view                                  │                       │"
"│                       │  ?                   Toggle this help                                │                       │"
"│                       │  q                   Quit                                            │                       │"
"│                       │                                                                      │                       │"
"│                       │Global Actions                                                        │                       │"
"│                       │                                                                      │                       │"
"│                       │  a                   Register repository                             │                       │"
"│                       │  c                   Create worktree                                 │                       │"
"│                       │  d                   Delete (worktree/repo)                          │                       │"
"└───────────────────────│  s                   Sync tickets                                    │───────────────────────┘"
"┌ Tickets (hiding closed│  W                   Manage work targets                             │───────────────────────┐"
"│                       │  S                   Manage issue sources                            │                       │"
"│                       │  A                   Toggle closed tickets                           │                       │"
"│                       │  w                   Run workflow on current item                    │                       │"
"│                       │  !                   Toggle status bar expansion                     │                       │"
"│                       │  /                   Filter/search                                   │                       │"
"│                       │                                                                      │                       │"
"│                       └──────────────────────────────────────────────────────────────────────┘                       │"
"│                                                                                                                      │"
"│                                                                                                                      │"
"└──────────────────────────────────────────────────────────────────────────────────────────────────────────────────────┘"
"Tab:panel  j/k:nav  Enter:select  a:add repo  c:create  s:sync  ?:help  q:quit                                          "
