---
source: conductor-tui/tests/tui_snapshots.rs
assertion_line: 187
expression: render_to_string(&state)
---
"┌ Repos ──────────────────────┐┌ Worktrees (0 active) ───────────────────────┐┌ All Workflow Definitions ──────────────┐"
"│                             ││                                             ││                                        │"
"│                             ││                                             ││                                        │"
"│                             ││                                             ││                                        │"
"│                             ││                                             ││                                        │"
"│                             ││                                             ││                                        │"
"│                             ││                                             ││                                        │"
"│                             ││                                             ││                                        │"
"│                             ││                                             ││                                        │"
"│                             ││                                             ││                                        │"
"│                             ││                                             ││                                        │"
"│                             ││                                             ││                                        │"
"│                             ││                                             ││                                        │"
"│                             ││                                             ││                                        │"
"│                             ┌ New worktree ────────────────────────────────────────────┐                             │"
"│                             │                                                          │─────────────────────────────┘"
"│                             │Branch name:                                              │ow Runs (Space=expand/collaps┐"
"│                             │                                                          │                             │"
"│                             │> feat/my-feature_                                        │                             │"
"│                             │                                                          │                             │"
"│                             │  Enter to submit, Esc to cancel                          │                             │"
"│                             │                                                          │                             │"
"│                             │                                                          │                             │"
"│                             │                                                          │                             │"
"│                             │                                                          │                             │"
"│                             └──────────────────────────────────────────────────────────┘                             │"
"│                             ││                                             ││                                        │"
"│                             ││                                             ││                                        │"
"│                             ││                                             ││                                        │"
"│                             ││                                             ││                                        │"
"│                             ││                                             ││                                        │"
"│                             ││                                             ││                                        │"
"│                             ││                                             ││                                        │"
"│                             ││                                             ││                                        │"
"│                             ││                                             ││                                        │"
"│                             ││                                             ││                                        │"
"│                             ││                                             ││                                        │"
"│                             ││                                             ││                                        │"
"└─────────────────────────────┘└─────────────────────────────────────────────┘└────────────────────────────────────────┘"
"[Dashboard]  Tab:panel  Ctrl+h/l:column  \:workflows  q:quit                                                            "
