---
source: conductor-tui/tests/tui_snapshots.rs
expression: render_to_string(&state)
---
"┌ Repos & Worktrees (0 active) ──────────────────────────────────────────────┐┌ All Workflow Definitions ──────────────┐"
"│                                                                            ││                                        │"
"│                                                                            ││                                        │"
"│                                                                            ││                                        │"
"│                                                                            ││                                        │"
"│                                                                            ││                                        │"
"│                                                                            ││                                        │"
"│                                                                            ││                                        │"
"│                                                                            ││                                        │"
"│                                                                            ││                                        │"
"│                                                                            ││                                        │"
"│                                                                            ││                                        │"
"│                                                                            ││                                        │"
"│                                                                            ││                                        │"
"│                             ┌ New worktree ────────────────────────────────────────────┐                             │"
"│                             │                                                          │─────────────────────────────┘"
"│                             │Branch name:                                              │ow Runs (H: show history) ───┐"
"│                             │                                                          │                             │"
"│                             │> feat/my-feature_                                        │                             │"
"│                             │                                                          │                             │"
"│                             │  Enter to submit, Esc to cancel                          │                             │"
"│                             │                                                          │                             │"
"│                             │                                                          │                             │"
"│                             │                                                          │                             │"
"│                             │                                                          │                             │"
"│                             └──────────────────────────────────────────────────────────┘                             │"
"│                                                                            ││                                        │"
"│                                                                            ││                                        │"
"│                                                                            ││                                        │"
"│                                                                            ││                                        │"
"│                                                                            ││                                        │"
"│                                                                            ││                                        │"
"│                                                                            ││                                        │"
"│                                                                            ││                                        │"
"│                                                                            ││                                        │"
"│                                                                            ││                                        │"
"│                                                                            ││                                        │"
"│                                                                            ││                                        │"
"└────────────────────────────────────────────────────────────────────────────┘└────────────────────────────────────────┘"
"[Dashboard]  Tab:panel  [/]:column  \:workflows  q:quit                                                                 "
