---
source: conductor-tui/tests/tui_snapshots.rs
expression: render_to_string(&state)
---
" Dependency Graph — my-app tickets  [Esc] close  [h/j/k/l] navigate  [H/J/K/L] pan  [Enter] detail                      "
"────────────────────────────────────────────────────────────────────────────────────────────────────────────────────────"
"┌────────────────────────────────────────────────────────┐    ┌────────────────────────────────────────────────────────┐"
"│ ○ #101                                                 │⣀⣀⣀⣀│ ○ #102                                                 │"
"│ Setup CI pipeline                                      │    │ Add deployment step                                    │"
"└────────────────────────────────────────────────────────┘    └────────────────────────────────────────────────────────┘"
"                                                                                                                        "
"┌────────────────────────────────────────────────────────┐    ┌────────────────────────────────────────────────────────┐"
"│ ○ #103                                                 │⣀⣀⣀⣀│ ○ #104                                                 │"
"│ Auth epic                                              │    │ OAuth login flow                                       │"
"└────────────────────────────────────────────────────────┘    └────────────────────────────────────────────────────────┘"
"                                                                                                                        "
"                                                                                                                        "
"                                                                                                                        "
"                                                                                                                        "
"                                                                                                                        "
"                                                                                                                        "
"                                                                                                                        "
"                                                                                                                        "
"                                                                                                                        "
"                                                                                                                        "
"                                                                                                                        "
"                                                                                                                        "
"                                                                                                                        "
"                                                                                                                        "
"                                                                                                                        "
"                                                                                                                        "
"                                                                                                                        "
"                                                                                                                        "
"                                                                                                                        "
"                                                                                                                        "
"                                                                                                                        "
"                                                                                                                        "
"                                                                                                                        "
"                                                                                                                        "
"                                                                                                                        "
"                                                                                                                        "
"                                                                                                                        "
"────────────────────────────────────────────────────────────────────────────────────────────────────────────────────────"
"  Layer 1/2  Node 1/2  #101  2 ticket(s) with no dependencies not shown                                                 "
